
[TestPaymentWebhook - 1]
successfully added pico+ user
---

[TestAuthApi/authorize - 1]
<!doctype html>
<html lang="en">
  <head>
    <meta charset='utf-8'>
    <meta name="viewport" content="width=device-width, initial-scale=1" />
    <title>auth redirect</title>

    <link rel="icon" type="image/png" sizes="16x16" href="/favicon-16x16.png">

    <meta name="keywords" content="static, site, hosting" />

    <link rel="stylesheet" href="/main.css" />

    
  </head>
  <body >
<header>
    <h1 class="text-2xl">Auth Redirect</h1>
    <hr />
</header>
<main>
    <section>
        <h2 class="text-xl">You are being redirected to pico.test</h2>
        <p>
            Here is their auth request data:
        </p>

        <article>
            <h2 class="text-lg">Client ID</h2>
            <div>333</div>
        </article>

        <br />

        <article>
            <h2 class="text-lg">Redirect URI</h2>
            <div>pico.test</div>
        </article>

        <br />

        <article>
            <h2 class="text-lg">Scope</h2>
            <div>admin</div>
        </article>

        <br />

        <article>
            <h2 class="text-lg">Response Type</h2>
            <div>json</div>
        </article>

        <br />

        <article>
            <h2 class="text-lg">If you would like to continue authenticating with this service, ssh into a pico service and generate a token. Then input it here and click submit.</h2>
            <br />
            <form action="/redirect" method="POST">
                <label for="token">Auth Token:</label><br>
                <input type="text" id="token" name="token"><br>
                <br />
                <input type="hidden" id="redirect_uri" name="redirect_uri" value="pico.test">
                <input type="hidden" id="response_type" name="response_type" value="json">
                <input type="submit" value="Submit">
            </form>
        </article>
    </section>
</main>

<footer>
  <hr />
  <p class="font-italic">Built and maintained by <a href="https://pico.sh">pico.sh</a>.</p>
  <div>
    <a href="https://github.com/picosh/pico">source</a>
  </div>
</footer>

</body>
</html>
---

[TestUser - 1]
[{"id":"1","user_id":"user-1","name":"my-key","public_key":"nice-pubkey","created_at":"0001-01-01T00:00:00Z"}]
---

[TestAuthApi/rss - 1]
<?xml version="1.0" encoding="UTF-8"?><feed xmlns="http://www.w3.org/2005/Atom">
  <title>pico+</title>
  <id>https://auth.pico.sh/rss/123</id>
  <updated></updated>
  <subtitle>get notified of important membership updates</subtitle>
  <link href="https://auth.pico.sh/rss/123"></link>
  <author>
    <name>team pico</name>
  </author>
  <entry>
    <title>pico+ membership activated on 2021-08-15T14:30:45Z</title>
    <updated>2021-08-15T14:30:45Z</updated>
    <id>pico-plus-activated-1629037845</id>
    <content type="html">&#xA;&lt;html&gt;&#xA;&#x9;&lt;head&gt;&#xA;&#x9;&#x9;&lt;title&gt;pico+ activated&lt;/title&gt;&#xA;&#x9;&#x9;&lt;style&gt;&#xA;&#x9;&#x9;&#x9;code {&#xA;&#x9;&#x9;&#x9;&#x9;background-color: #ddd;&#xA;&#x9;&#x9;&#x9;&#x9;border-radius: 5px;&#xA;&#x9;&#x9;&#x9;&#x9;padding: 1px 3px;&#xA;&#x9;&#x9;&#x9;}&#xA;&#x9;&#x9;&lt;/style&gt;&#xA;&#x9;&lt;/head&gt;&#xA;&#x9;&lt;body&gt;&#xA;&#x9;&#x9;&lt;h1&gt;Thanks for joining &lt;code&gt;pico+&lt;/code&gt;!&lt;/h1&gt;&#xA;&lt;p&gt;&#xA;&#x9;You now have access to all our premium services until &lt;strong&gt;2021-08-16&lt;/strong&gt;.&#xA;&lt;/p&gt;&#xA;&lt;p&gt;&#xA;&#x9;We will send you &lt;code&gt;pico+&lt;/code&gt; expiration notifications through this RSS feed.&#xA;&#x9;Go to &lt;a href=&#34;https://pico.sh/getting-started#next-steps&#34;&gt;pico.sh/getting-started#next-steps&lt;/a&gt;&#xA;&#x9;to start using our services.&#xA;&lt;/p&gt;&#xA;&lt;p&gt;&#xA;&#x9;If you have any questions, please do not hesitate to &lt;a href=&#34;https://pico.sh/contact&#34;&gt;contact us&lt;/a&gt;.&#xA;&lt;/p&gt;&#xA;&#x9;&lt;/body&gt;&#xA;&lt;/html&gt;&#xA;</content>
    <link href="https://pico.sh" rel="alternate"></link>
    <summary type="html">&#xA;&lt;html&gt;&#xA;&#x9;&lt;head&gt;&#xA;&#x9;&#x9;&lt;title&gt;pico+ activated&lt;/title&gt;&#xA;&#x9;&#x9;&lt;style&gt;&#xA;&#x9;&#x9;&#x9;code {&#xA;&#x9;&#x9;&#x9;&#x9;background-color: #ddd;&#xA;&#x9;&#x9;&#x9;&#x9;border-radius: 5px;&#xA;&#x9;&#x9;&#x9;&#x9;padding: 1px 3px;&#xA;&#x9;&#x9;&#x9;}&#xA;&#x9;&#x9;&lt;/style&gt;&#xA;&#x9;&lt;/head&gt;&#xA;&#x9;&lt;body&gt;&#xA;&#x9;&#x9;&lt;h1&gt;Thanks for joining &lt;code&gt;pico+&lt;/code&gt;!&lt;/h1&gt;&#xA;&lt;p&gt;&#xA;&#x9;You now have access to all our premium services until &lt;strong&gt;2021-08-16&lt;/strong&gt;.&#xA;&lt;/p&gt;&#xA;&lt;p&gt;&#xA;&#x9;We will send you &lt;code&gt;pico+&lt;/code&gt; expiration notifications through this RSS feed.&#xA;&#x9;Go to &lt;a href=&#34;https://pico.sh/getting-started#next-steps&#34;&gt;pico.sh/getting-started#next-steps&lt;/a&gt;&#xA;&#x9;to start using our services.&#xA;&lt;/p&gt;&#xA;&lt;p&gt;&#xA;&#x9;If you have any questions, please do not hesitate to &lt;a href=&#34;https://pico.sh/contact&#34;&gt;contact us&lt;/a&gt;.&#xA;&lt;/p&gt;&#xA;&#x9;&lt;/body&gt;&#xA;&lt;/html&gt;&#xA;</summary>
    <author>
      <name>team pico</name>
    </author>
  </entry>
  <entry>
    <title>pico+ 1-month expiration notice</title>
    <updated>2021-07-16T14:30:45Z</updated>
    <id>1626445845</id>
    <content type="html">&#xA;&lt;html&gt;&#xA;&#x9;&lt;head&gt;&#xA;&#x9;&#x9;&lt;title&gt;pico+ 1-month expiration notification!&lt;/title&gt;&#xA;&#x9;&#x9;&lt;style&gt;&#xA;&#x9;&#x9;&#x9;code {&#xA;&#x9;&#x9;&#x9;&#x9;background-color: #ddd;&#xA;&#x9;&#x9;&#x9;&#x9;border-radius: 5px;&#xA;&#x9;&#x9;&#x9;&#x9;padding: 1px 3px;&#xA;&#x9;&#x9;&#x9;}&#xA;&#x9;&#x9;&lt;/style&gt;&#xA;&#x9;&lt;/head&gt;&#xA;&#x9;&lt;body&gt;&#xA;&#x9;&#x9;&lt;h1&gt;pico+ 1-month expiration notification!&lt;/h1&gt;&#xA;&lt;p&gt;&#xA;&#x9;Your &lt;code&gt;pico+&lt;/code&gt; membership will expire on &lt;strong&gt;2021-08-16&lt;/strong&gt;.&#xA;&lt;/p&gt;&#xA;&lt;p&gt;&#xA;&#x9;If your pico+ membership expires then we will:&#xA;&#xA;&#x9;&lt;ul&gt;&#xA;&#x9;&#x9;&lt;li&gt;revoke access to &lt;a href=&#34;https&#34;&gt;https://tuns.sh&lt;/a&gt;&lt;/li&gt;&#xA;&#x9;&#x9;&lt;li&gt;reject new sites being created for &lt;a href=&#34;https://pgs.sh&#34;&gt;pgs.sh&lt;/a&gt;&lt;/li&gt;&#xA;&#x9;&#x9;&lt;li&gt;revoke access to our IRC bouncer&lt;/li&gt;&#xA;&#x9;&lt;/ul&gt;&#xA;&lt;/p&gt;&#xA;&lt;p&gt;&#xA;&#x9;In order to continue using our premium services, you need to purchase another year:&#xA;&#x9;&lt;a href=&#34;https://auth.pico.sh/checkout/user-a&#34;&gt;purchase pico+&lt;/a&gt;&#xA;&lt;/p&gt;&#xA;&lt;p&gt;&#xA;&#x9;If you have any questions, please do not hesitate to &lt;a href=&#34;https://pico.sh/contact&#34;&gt;contact us&lt;/a&gt;.&#xA;&lt;/p&gt;&#xA;&#x9;&lt;/body&gt;&#xA;&lt;/html&gt;&#xA;</content>
    <link href="https://pico.sh" rel="alternate"></link>
    <summary type="html">&#xA;&lt;html&gt;&#xA;&#x9;&lt;head&gt;&#xA;&#x9;&#x9;&lt;title&gt;pico+ 1-month expiration notification!&lt;/title&gt;&#xA;&#x9;&#x9;&lt;style&gt;&#xA;&#x9;&#x9;&#x9;code {&#xA;&#x9;&#x9;&#x9;&#x9;background-color: #ddd;&#xA;&#x9;&#x9;&#x9;&#x9;border-radius: 5px;&#xA;&#x9;&#x9;&#x9;&#x9;padding: 1px 3px;&#xA;&#x9;&#x9;&#x9;}&#xA;&#x9;&#x9;&lt;/style&gt;&#xA;&#x9;&lt;/head&gt;&#xA;&#x9;&lt;body&gt;&#xA;&#x9;&#x9;&lt;h1&gt;pico+ 1-month expiration notification!&lt;/h1&gt;&#xA;&lt;p&gt;&#xA;&#x9;Your &lt;code&gt;pico+&lt;/code&gt; membership will expire on &lt;strong&gt;2021-08-16&lt;/strong&gt;.&#xA;&lt;/p&gt;&#xA;&lt;p&gt;&#xA;&#x9;If your pico+ membership expires then we will:&#xA;&#xA;&#x9;&lt;ul&gt;&#xA;&#x9;&#x9;&lt;li&gt;revoke access to &lt;a href=&#34;https&#34;&gt;https://tuns.sh&lt;/a&gt;&lt;/li&gt;&#xA;&#x9;&#x9;&lt;li&gt;reject new sites being created for &lt;a href=&#34;https://pgs.sh&#34;&gt;pgs.sh&lt;/a&gt;&lt;/li&gt;&#xA;&#x9;&#x9;&lt;li&gt;revoke access to our IRC bouncer&lt;/li&gt;&#xA;&#x9;&lt;/ul&gt;&#xA;&lt;/p&gt;&#xA;&lt;p&gt;&#xA;&#x9;In order to continue using our premium services, you need to purchase another year:&#xA;&#x9;&lt;a href=&#34;https://auth.pico.sh/checkout/user-a&#34;&gt;purchase pico+&lt;/a&gt;&#xA;&lt;/p&gt;&#xA;&lt;p&gt;&#xA;&#x9;If you have any questions, please do not hesitate to &lt;a href=&#34;https://pico.sh/contact&#34;&gt;contact us&lt;/a&gt;.&#xA;&lt;/p&gt;&#xA;&#x9;&lt;/body&gt;&#xA;&lt;/html&gt;&#xA;</summary>
    <author>
      <name>team pico</name>
    </author>
  </entry>
  <entry>
    <title>pico+ 1-week expiration notice</title>
    <updated>2021-08-09T14:30:45Z</updated>
    <id>1628519445</id>
    <content type="html">&#xA;&lt;html&gt;&#xA;&#x9;&lt;head&gt;&#xA;&#x9;&#x9;&lt;title&gt;pico+ 1-week expiration notification!&lt;/title&gt;&#xA;&#x9;&#x9;&lt;style&gt;&#xA;&#x9;&#x9;&#x9;code {&#xA;&#x9;&#x9;&#x9;&#x9;background-color: #ddd;&#xA;&#x9;&#x9;&#x9;&#x9;border-radius: 5px;&#xA;&#x9;&#x9;&#x9;&#x9;padding: 1px 3px;&#xA;&#x9;&#x9;&#x9;}&#xA;&#x9;&#x9;&lt;/style&gt;&#xA;&#x9;&lt;/head&gt;&#xA;&#x9;&lt;body&gt;&#xA;&#x9;&#x9;&lt;h1&gt;pico+ 1-week expiration notification!&lt;/h1&gt;&#xA;&lt;p&gt;&#xA;&#x9;Your &lt;code&gt;pico+&lt;/code&gt; membership will expire on &lt;strong&gt;2021-08-16&lt;/strong&gt;.&#xA;&lt;/p&gt;&#xA;&lt;p&gt;&#xA;&#x9;If your pico+ membership expires then we will:&#xA;&#xA;&#x9;&lt;ul&gt;&#xA;&#x9;&#x9;&lt;li&gt;revoke access to &lt;a href=&#34;https&#34;&gt;https://tuns.sh&lt;/a&gt;&lt;/li&gt;&#xA;&#x9;&#x9;&lt;li&gt;reject new sites being created for &lt;a href=&#34;https://pgs.sh&#34;&gt;pgs.sh&lt;/a&gt;&lt;/li&gt;&#xA;&#x9;&#x9;&lt;li&gt;revoke access to our IRC bouncer&lt;/li&gt;&#xA;&#x9;&lt;/ul&gt;&#xA;&lt;/p&gt;&#xA;&lt;p&gt;&#xA;&#x9;In order to continue using our premium services, you need to purchase another year:&#xA;&#x9;&lt;a href=&#34;https://auth.pico.sh/checkout/user-a&#34;&gt;purchase pico+&lt;/a&gt;&#xA;&lt;/p&gt;&#xA;&lt;p&gt;&#xA;&#x9;If you have any questions, please do not hesitate to &lt;a href=&#34;https://pico.sh/contact&#34;&gt;contact us&lt;/a&gt;.&#xA;&lt;/p&gt;&#xA;&#x9;&lt;/body&gt;&#xA;&lt;/html&gt;&#xA;</content>
    <link href="https://pico.sh" rel="alternate"></link>
    <summary type="html">&#xA;&lt;html&gt;&#xA;&#x9;&lt;head&gt;&#xA;&#x9;&#x9;&lt;title&gt;pico+ 1-week expiration notification!&lt;/title&gt;&#xA;&#x9;&#x9;&lt;style&gt;&#xA;&#x9;&#x9;&#x9;code {&#xA;&#x9;&#x9;&#x9;&#x9;background-color: #ddd;&#xA;&#x9;&#x9;&#x9;&#x9;border-radius: 5px;&#xA;&#x9;&#x9;&#x9;&#x9;padding: 1px 3px;&#xA;&#x9;&#x9;&#x9;}&#xA;&#x9;&#x9;&lt;/style&gt;&#xA;&#x9;&lt;/head&gt;&#xA;&#x9;&lt;body&gt;&#xA;&#x9;&#x9;&lt;h1&gt;pico+ 1-week expiration notification!&lt;/h1&gt;&#xA;&lt;p&gt;&#xA;&#x9;Your &lt;code&gt;pico+&lt;/code&gt; membership will expire on &lt;strong&gt;2021-08-16&lt;/strong&gt;.&#xA;&lt;/p&gt;&#xA;&lt;p&gt;&#xA;&#x9;If your pico+ membership expires then we will:&#xA;&#xA;&#x9;&lt;ul&gt;&#xA;&#x9;&#x9;&lt;li&gt;revoke access to &lt;a href=&#34;https&#34;&gt;https://tuns.sh&lt;/a&gt;&lt;/li&gt;&#xA;&#x9;&#x9;&lt;li&gt;reject new sites being created for &lt;a href=&#34;https://pgs.sh&#34;&gt;pgs.sh&lt;/a&gt;&lt;/li&gt;&#xA;&#x9;&#x9;&lt;li&gt;revoke access to our IRC bouncer&lt;/li&gt;&#xA;&#x9;&lt;/ul&gt;&#xA;&lt;/p&gt;&#xA;&lt;p&gt;&#xA;&#x9;In order to continue using our premium services, you need to purchase another year:&#xA;&#x9;&lt;a href=&#34;https://auth.pico.sh/checkout/user-a&#34;&gt;purchase pico+&lt;/a&gt;&#xA;&lt;/p&gt;&#xA;&lt;p&gt;&#xA;&#x9;If you have any questions, please do not hesitate to &lt;a href=&#34;https://pico.sh/contact&#34;&gt;contact us&lt;/a&gt;.&#xA;&lt;/p&gt;&#xA;&#x9;&lt;/body&gt;&#xA;&lt;/html&gt;&#xA;</summary>
    <author>
      <name>team pico</name>
    </author>
  </entry>
  <entry>
    <title>pico+ 1-day expiration notice</title>
    <updated>2021-08-14T14:30:45Z</updated>
    <id>1628951445</id>
    <content type="html">&#xA;&lt;html&gt;&#xA;&#x9;&lt;head&gt;&#xA;&#x9;&#x9;&lt;title&gt;pico+ 1-day expiration notification!&lt;/title&gt;&#xA;&#x9;&#x9;&lt;style&gt;&#xA;&#x9;&#x9;&#x9;code {&#xA;&#x9;&#x9;&#x9;&#x9;background-color: #ddd;&#xA;&#x9;&#x9;&#x9;&#x9;border-radius: 5px;&#xA;&#x9;&#x9;&#x9;&#x9;padding: 1px 3px;&#xA;&#x9;&#x9;&#x9;}&#xA;&#x9;&#x9;&lt;/style&gt;&#xA;&#x9;&lt;/head&gt;&#xA;&#x9;&lt;body&gt;&#xA;&#x9;&#x9;&lt;h1&gt;pico+ 1-day expiration notification!&lt;/h1&gt;&#xA;&lt;p&gt;&#xA;&#x9;Your &lt;code&gt;pico+&lt;/code&gt; membership will expire on &lt;strong&gt;2021-08-16&lt;/strong&gt;.&#xA;&lt;/p&gt;&#xA;&lt;p&gt;&#xA;&#x9;If your pico+ membership expires then we will:&#xA;&#xA;&#x9;&lt;ul&gt;&#xA;&#x9;&#x9;&lt;li&gt;revoke access to &lt;a href=&#34;https&#34;&gt;https://tuns.sh&lt;/a&gt;&lt;/li&gt;&#xA;&#x9;&#x9;&lt;li&gt;reject new sites being created for &lt;a href=&#34;https://pgs.sh&#34;&gt;pgs.sh&lt;/a&gt;&lt;/li&gt;&#xA;&#x9;&#x9;&lt;li&gt;revoke access to our IRC bouncer&lt;/li&gt;&#xA;&#x9;&lt;/ul&gt;&#xA;&lt;/p&gt;&#xA;&lt;p&gt;&#xA;&#x9;In order to continue using our premium services, you need to purchase another year:&#xA;&#x9;&lt;a href=&#34;https://auth.pico.sh/checkout/user-a&#34;&gt;purchase pico+&lt;/a&gt;&#xA;&lt;/p&gt;&#xA;&lt;p&gt;&#xA;&#x9;If you have any questions, please do not hesitate to &lt;a href=&#34;https://pico.sh/contact&#34;&gt;contact us&lt;/a&gt;.&#xA;&lt;/p&gt;&#xA;&#x9;&lt;/body&gt;&#xA;&lt;/html&gt;&#xA;</content>
    <link href="https://pico.sh" rel="alternate"></link>
    <summary type="html">&#xA;&lt;html&gt;&#xA;&#x9;&lt;head&gt;&#xA;&#x9;&#x9;&lt;title&gt;pico+ 1-day expiration notification!&lt;/title&gt;&#xA;&#x9;&#x9;&lt;style&gt;&#xA;&#x9;&#x9;&#x9;code {&#xA;&#x9;&#x9;&#x9;&#x9;background-color: #ddd;&#xA;&#x9;&#x9;&#x9;&#x9;border-radius: 5px;&#xA;&#x9;&#x9;&#x9;&#x9;padding: 1px 3px;&#xA;&#x9;&#x9;&#x9;}&#xA;&#x9;&#x9;&lt;/style&gt;&#xA;&#x9;&lt;/head&gt;&#xA;&#x9;&lt;body&gt;&#xA;&#x9;&#x9;&lt;h1&gt;pico+ 1-day expiration notification!&lt;/h1&gt;&#xA;&lt;p&gt;&#xA;&#x9;Your &lt;code&gt;pico+&lt;/code&gt; membership will expire on &lt;strong&gt;2021-08-16&lt;/strong&gt;.&#xA;&lt;/p&gt;&#xA;&lt;p&gt;&#xA;&#x9;If your pico+ membership expires then we will:&#xA;&#xA;&#x9;&lt;ul&gt;&#xA;&#x9;&#x9;&lt;li&gt;revoke access to &lt;a href=&#34;https&#34;&gt;https://tuns.sh&lt;/a&gt;&lt;/li&gt;&#xA;&#x9;&#x9;&lt;li&gt;reject new sites being created for &lt;a href=&#34;https://pgs.sh&#34;&gt;pgs.sh&lt;/a&gt;&lt;/li&gt;&#xA;&#x9;&#x9;&lt;li&gt;revoke access to our IRC bouncer&lt;/li&gt;&#xA;&#x9;&lt;/ul&gt;&#xA;&lt;/p&gt;&#xA;&lt;p&gt;&#xA;&#x9;In order to continue using our premium services, you need to purchase another year:&#xA;&#x9;&lt;a href=&#34;https://auth.pico.sh/checkout/user-a&#34;&gt;purchase pico+&lt;/a&gt;&#xA;&lt;/p&gt;&#xA;&lt;p&gt;&#xA;&#x9;If you have any questions, please do not hesitate to &lt;a href=&#34;https://pico.sh/contact&#34;&gt;contact us&lt;/a&gt;.&#xA;&lt;/p&gt;&#xA;&#x9;&lt;/body&gt;&#xA;&lt;/html&gt;&#xA;</summary>
    <author>
      <name>team pico</name>
    </author>
  </entry>
</feed>
---

[TestKey - 1]
{"id":"user-1","name":"user-a","created_at":null}
---

[TestAuthApi/fileserver - 1]
User-agent: *
Allow: /
---

[TestAuthApi/well-known - 1]
{"issuer":"auth.pico.test","introspection_endpoint":"http://0.0.0.0:3000/introspect","introspection_endpoint_auth_methods_supported":["none"],"authorization_endpoint":"http://0.0.0.0:3000/authorize","token_endpoint":"http://0.0.0.0:3000/token","response_types_supported":["code"]}
---

[TestIntrospect - 1]
{"active":true,"username":"user-a"}
---

[TestToken - 1]
{"access_token":"123"}
---
